
> ai_code-analyzer@0.1.0 build
> next build

   Γû▓ Next.js 15.1.0
   - Environments: .env.local
   - Experiments (use with caution):
     ┬╖ webpackBuildWorker
     ┬╖ parallelServerCompiles
     ┬╖ parallelServerBuildTraces

   Creating an optimized production build ...
 Γ£ô Compiled successfully
   Skipping validation of types
   Skipping linting
   Collecting page data ...
   Generating static pages (0/6) ...
   Generating static pages (1/6) 
   Generating static pages (2/6) 
   Generating static pages (4/6) 
 Γ£ô Generating static pages (6/6)
   Finalizing page optimization ...
   Collecting build traces ...

Route (app)                              Size     First Load JS
Γöî Γùï /                                    15.7 kB         197 kB
Γö£ Γùï /_not-found                          985 B           107 kB
Γö£ Γùï /algorithm-visualizer                299 kB          485 kB
Γöö Γùï /performance-metrics                 130 kB          277 kB
+ First Load JS shared by all            106 kB
  Γö£ chunks/767-53e88a2fbcee7d82.js       50.7 kB
  Γö£ chunks/ccbed758-d9328cda7ca2af11.js  53 kB
  Γöö other shared chunks (total)          2.03 kB


Γùï  (Static)  prerendered as static content

